G__21308_21312:iE
G__21310_21314:jE
G__24605_24606$jscomp$inline_1505:WI
JSCompiler_StaticMethods_assoc_BANG_:yh
JSCompiler_StaticMethods_cleanupKeysArray_:Ff
JSCompiler_StaticMethods_cljs$core$IMultiFn$_add_method$arity$3:Ei
JSCompiler_StaticMethods_cljs$core$IMultiFn$_get_method$arity$2:Di
JSCompiler_StaticMethods_cljs$core$ITransientVector$_assoc_n_BANG_$arity$3:Fg
JSCompiler_StaticMethods_divide:Na
JSCompiler_StaticMethods_enforceReadOnly:sj
JSCompiler_StaticMethods_ensureKeyMapInitialized_:oo
JSCompiler_StaticMethods_fireListeners:hp
JSCompiler_StaticMethods_forceChunk:Oh
JSCompiler_StaticMethods_getBits:Ka
JSCompiler_StaticMethods_getFragment_:WD
JSCompiler_StaticMethods_getKeyName_:qo
JSCompiler_StaticMethods_getToken:eq
JSCompiler_StaticMethods_getUrl_:YD
JSCompiler_StaticMethods_isZero:La
JSCompiler_StaticMethods_markAsRemoved:No
JSCompiler_StaticMethods_negate:Fa
JSCompiler_StaticMethods_re_frame$router$IEventQueue$_call_post_event_callbacks$arity$2:Hn
JSCompiler_StaticMethods_re_frame$router$IEventQueue$_fsm_trigger$arity$3:Dn
JSCompiler_StaticMethods_re_frame$router$IEventQueue$_pause$arity$2:Gn
JSCompiler_StaticMethods_re_frame$router$IEventQueue$_process_1st_event_in_queue$arity$1:En
JSCompiler_StaticMethods_re_frame$router$IEventQueue$_run_next_tick$arity$1:Fn
JSCompiler_StaticMethods_re_frame$router$IEventQueue$_run_queue$arity$1:Cn
JSCompiler_StaticMethods_removeByKey:Qo
JSCompiler_StaticMethods_setPort:Hj
JSCompiler_StaticMethods_setQueryData:wk
JSCompiler_StaticMethods_setScheme:Dh
JSCompiler_StaticMethods_setToken:XD
JSCompiler_StaticMethods_shiftRight:Qa
JSCompiler_StaticMethods_sval:Pe
JSCompiler_StaticMethods_toNumber:Ja
JSCompiler_inline_result$jscomp$129:ND
JSCompiler_prototypeAlias:g
JSCompiler_temp$jscomp$128:PD
L 0:a
L 1:b
L 10:p
L 11:n
L 12:r
L 13:v
L 14:y
L 15:H
L 16:M
L 17:W
L 18:ba
L 19:ia
L 2:c
L 20:Ba
L 21:Pa
L 22:ma
L 23:q
L 24:t
L 25:u
L 26:w
L 27:x
L 28:A
L 29:C
L 3:d
L 30:E
L 31:G
L 32:I
L 33:J
L 34:O
L 35:R
L 36:T
L 37:X
L 38:Z
L 39:da
L 4:e
L 40:la
L 41:sa
L 42:za
L 43:Ma
L 44:qb
L 45:Sd
L 46:hl
L 47:vo
L 48:wo
L 49:mp
L 5:f
L 50:Ta
L 51:cb
L 52:Co
L 53:xo
L 54:vp
L 55:Op
L 56:Pp
L 57:fr
L 58:Qp
L 59:Rp
L 6:h
L 60:gr
L 61:Sp
L 62:Dp
L 63:Jr
L 64:Kr
L 65:Tp
L 66:oq
L 67:hr
L 68:ir
L 69:Us
L 7:k
L 70:Lr
L 71:Mr
L 72:Nr
L 73:bv
L 74:cv
L 75:Ut
L 76:Za
L 77:ao
L 78:hv
L 8:l
L 9:m
arr$jscomp$inline_1110:KD
cached_hierarchy__4616__auto__$jscomp$inline_1860:WE
cached_hierarchy__4616__auto__$jscomp$inline_1880:yF
cached_hierarchy__4616__auto__$jscomp$inline_1892:UF
cljs:lb
cljs$core:mb
cljs$core$ArrayChunk:Re
cljs$core$ArrayNode:ih
cljs$core$ArrayNodeIterator:mh
cljs$core$ArrayNodeSeq:th
cljs$core$Atom:Af
cljs$core$BitmapIndexedNode:eh
cljs$core$BitmapIndexedNode$EMPTY:hh
cljs$core$Box:Yg
cljs$core$ChunkBuffer:Qe
cljs$core$ChunkedCons:Se
cljs$core$ChunkedSeq:yg
cljs$core$Cons:Ke
cljs$core$DEMUNGE_MAP:Do
cljs$core$DEMUNGE_PATTERN:Ko
cljs$core$Delay:cr
cljs$core$ES6EntriesIterator:Ng
cljs$core$ES6Iterator:pd
cljs$core$ES6SetEntriesIterator:Og
cljs$core$EmptyList:Ie
cljs$core$ExceptionInfo:Gi
cljs$core$Fn:Mb
cljs$core$HashCollisionNode:qh
cljs$core$HashMapIter:vh
cljs$core$HashSetIter:Eh
cljs$core$IAssociative:ip
cljs$core$ICollection:Sb
cljs$core$IComparable:lp
cljs$core$ICounted:Ob
cljs$core$IDeref:oc
cljs$core$IEmptyableCollection:Qb
cljs$core$IEncodeJS:li
cljs$core$IFn:Nb
cljs$core$IIndexed:Ub
cljs$core$IIterable:Uc
cljs$core$IKVReduce:vc
cljs$core$IList:Cc
cljs$core$ILookup:ac
cljs$core$IMap:ec
cljs$core$IMeta:qc
cljs$core$INIT:of
cljs$core$INext:Zb
cljs$core$IPrintWithWriter:Fc
cljs$core$IRecord:Dc
cljs$core$IReduce:tc
cljs$core$IReversible:jp
cljs$core$ISeq:Wb
cljs$core$ISeqable:zc
cljs$core$ISequential:Bc
cljs$core$ISet:ic
cljs$core$ITER_SYMBOL:Hb
cljs$core$IVector:mc
cljs$core$IndexedSeq:ld
cljs$core$IndexedSeqIterator:Kd
cljs$core$Inst:qp
cljs$core$KeySeq:Ah
cljs$core$Keyword:K
cljs$core$LazySeq:Oe
cljs$core$List:Rd
cljs$core$List$EMPTY:nd
cljs$core$MapEntry:mg
cljs$core$MetaFn:Zd
cljs$core$MultiFn:Bi
cljs$core$NeverEquiv:Kg
cljs$core$NodeIterator:dh
cljs$core$NodeSeq:rh
cljs$core$PROTOCOL_SENTINEL:z
cljs$core$PersistentArrayMap:ub
cljs$core$PersistentArrayMap$EMPTY:nf
cljs$core$PersistentArrayMap$HASHMAP_THRESHOLD:Vg
cljs$core$PersistentArrayMap$createAsIfByAssoc:Wd
cljs$core$PersistentArrayMapIterator:Rg
cljs$core$PersistentArrayMapSeq:Qg
cljs$core$PersistentHashMap:wh
cljs$core$PersistentHashMap$EMPTY:Wg
cljs$core$PersistentHashMap$fromArrays:Xq
cljs$core$PersistentHashSet:Fh
cljs$core$PersistentHashSet$EMPTY:Hh
cljs$core$PersistentHashSet$createAsIfByAssoc:Zq
cljs$core$PersistentQueue:Ig
cljs$core$PersistentQueue$EMPTY:Jg
cljs$core$PersistentQueueIter:Gg
cljs$core$PersistentQueueSeq:Hg
cljs$core$PersistentVector:V
cljs$core$PersistentVector$EMPTY:Qd
cljs$core$PersistentVector$EMPTY_NODE:Y
cljs$core$PersistentVector$fromArray:sg
cljs$core$RSeq:sp
cljs$core$Range:Nh
cljs$core$RangeChunk:Lh
cljs$core$RangeIterator:Mh
cljs$core$RangedIterator:ig
cljs$core$RecordIter:Wq
cljs$core$Reduced:wd
cljs$core$Repeat:If
cljs$core$START:pf
cljs$core$SeqIter:qf
cljs$core$StringBufferWriter:Wc
cljs$core$Subvec:Ag
cljs$core$Symbol:id
cljs$core$TransientArrayMap:Ug
cljs$core$TransientHashMap:xh
cljs$core$TransientHashSet:Gh
cljs$core$TransientVector:ng
cljs$core$UUID:kr
cljs$core$ValSeq:Bh
cljs$core$VectorNode:Yf
cljs$core$Volatile:Kq
cljs$core$_EQ_:od
cljs$core$_EQ__EQ_:Fe
cljs$core$_EQ__EQ_$cljs$0core$0IFn$0_invoke$0arity$02:Ge
cljs$core$_PLUS_:Ae
cljs$core$_STAR_eval_STAR_:Ji
cljs$core$_STAR_loaded_libs_STAR_:sb
cljs$core$_STAR_print_err_fn_STAR_:pb
cljs$core$_STAR_print_fn_STAR_:ob
cljs$core$_STAR_print_level_STAR_:rb
cljs$core$_add_watch:Hc
cljs$core$_as_transient:Jc
cljs$core$_assoc:cc
cljs$core$_assoc_BANG_:Mc
cljs$core$_assoc_n:nc
cljs$core$_chunked_first:Oc
cljs$core$_chunked_rest:Pc
cljs$core$_clj__GT_js:mi
cljs$core$_compare:np
cljs$core$_conj:Tb
cljs$core$_conj_BANG_:Kc
cljs$core$_count:Pb
cljs$core$_deref:pc
cljs$core$_disjoin:jc
cljs$core$_dissoc:fc
cljs$core$_drop_first:Nc
cljs$core$_empty:Rb
cljs$core$_equiv:xc
cljs$core$_find:dc
cljs$core$_first:Xb
cljs$core$_global_hierarchy:pi
cljs$core$_hash:yc
cljs$core$_indexOf$cljs$0core$0IFn$0_invoke$0arity$03:Gd
cljs$core$_iterator:Vc
cljs$core$_key:gc
cljs$core$_kv_reduce:wc
cljs$core$_lastIndexOf$cljs$0core$0IFn$0_invoke$0arity$03:Jd
cljs$core$_lookup:bc
cljs$core$_meta:rc
cljs$core$_name:Qc
cljs$core$_namespace:Rc
cljs$core$_next:$b
cljs$core$_nth:Vb
cljs$core$_peek:kc
cljs$core$_persistent_BANG_:Lc
cljs$core$_pop:lc
cljs$core$_pr_writer:Gc
cljs$core$_reduce:uc
cljs$core$_remove_watch:Ic
cljs$core$_reset_BANG_:Sc
cljs$core$_rest:Yb
cljs$core$_rseq:kp
cljs$core$_seq:Ac
cljs$core$_swap_BANG_:Tc
cljs$core$_val:hc
cljs$core$_with_meta:sc
cljs$core$_write:Ec
cljs$core$aclone:Ib
cljs$core$any_QMARK_:Ao
cljs$core$apply:$d
cljs$core$apply$cljs$0core$0IFn$0_invoke$0arity$02:ef
cljs$core$apply$cljs$0core$0IFn$0_invoke$0arity$03:ff
cljs$core$apply$cljs$0core$0IFn$0_invoke$0arity$04:gf
cljs$core$apply$cljs$0core$0IFn$0_invoke$0arity$05:hf
cljs$core$apply$cljs$0core$0IFn$0_invoke$0arity$0variadic:jf
cljs$core$apply_to:Ze
cljs$core$apply_to_simple$cljs$0core$0IFn$0_invoke$0arity$03:af
cljs$core$apply_to_simple$cljs$0core$0IFn$0_invoke$0arity$04:bf
cljs$core$apply_to_simple$cljs$0core$0IFn$0_invoke$0arity$05:cf
cljs$core$apply_to_simple$cljs$0core$0IFn$0_invoke$0arity$06:df
cljs$core$array_QMARK_:Cb
cljs$core$array__GT_transient_hash_map:Xg
cljs$core$array_copy:me
cljs$core$array_for:fg
cljs$core$array_index_of:Pg
cljs$core$array_reduce$cljs$0core$0IFn$0_invoke$0arity$02:Bd
cljs$core$array_reduce$cljs$0core$0IFn$0_invoke$0arity$03:Cd
cljs$core$array_reduce$cljs$0core$0IFn$0_invoke$0arity$04:Dd
cljs$core$assoc:Vd
cljs$core$assoc_in:Sf
cljs$core$associative_QMARK_:wp
cljs$core$async:kE
cljs$core$async$impl:mE
cljs$core$async$impl$buffers:nE
cljs$core$async$impl$buffers$NO_VAL:oE
cljs$core$async$t_cljs$0core$0async23330:lE
cljs$core$atom$cljs$0core$0IFn$0_invoke$0arity$01:Bf
cljs$core$bit_count:Ee
cljs$core$boolean$0:pe
cljs$core$boolean_QMARK_:zp
cljs$core$bounded_count:Ve
cljs$core$build_subvec:Bg
cljs$core$butlast:Jh
cljs$core$char_QMARK_:zo
cljs$core$char_escapes:Yh
cljs$core$chunk_append:Ue
cljs$core$chunk_buffer:iq
cljs$core$chunk_cons:Te
cljs$core$chunked_seq:rg
cljs$core$chunked_seq$cljs$0core$0IFn$0_invoke$0arity$04:qg
cljs$core$chunked_seq$cljs$0core$0IFn$0_invoke$0arity$05:zg
cljs$core$chunked_seq_QMARK_:le
cljs$core$ci_reduce$cljs$0core$0IFn$0_invoke$0arity$02:zd
cljs$core$ci_reduce$cljs$0core$0IFn$0_invoke$0arity$03:Ad
cljs$core$clj__GT_js:ni
cljs$core$clone_and_set$cljs$0core$0IFn$0_invoke$0arity$03:$g
cljs$core$coll_QMARK_:fe
cljs$core$comp:Jq
cljs$core$compare:Jp
cljs$core$compare_indexed$cljs$0core$0IFn$0_invoke$0arity$02:Kp
cljs$core$compare_keywords:Xp
cljs$core$compare_symbols:pp
cljs$core$complement:tf
cljs$core$concat:Xe
cljs$core$conj:Pd
cljs$core$conj_BANG_:Ye
cljs$core$cons:Md
cljs$core$constantly:Iq
cljs$core$contains_QMARK_:re
cljs$core$count:S
cljs$core$counted_QMARK_:Ed
cljs$core$create_array_node_seq:oh
cljs$core$create_array_node_seq$cljs$0core$0IFn$0_invoke$0arity$01:nh
cljs$core$create_array_node_seq$cljs$0core$0IFn$0_invoke$0arity$03:uh
cljs$core$create_inode_seq:gh
cljs$core$create_inode_seq$cljs$0core$0IFn$0_invoke$0arity$01:fh
cljs$core$create_inode_seq$cljs$0core$0IFn$0_invoke$0arity$03:sh
cljs$core$create_node:kh
cljs$core$create_node$cljs$0core$0IFn$0_invoke$0arity$06:lh
cljs$core$create_node$cljs$0core$0IFn$0_invoke$0arity$07:jh
cljs$core$dec:Be
cljs$core$demunge:or
cljs$core$demunge_pattern:nr
cljs$core$deref:yd
cljs$core$disj:de
cljs$core$dissoc:Xd
cljs$core$do_assoc:gg
cljs$core$doall$cljs$0core$0IFn$0_invoke$0arity$01:Qh
cljs$core$dominates:yi
cljs$core$double_QMARK_:Ip
cljs$core$drop$cljs$0core$0IFn$0_invoke$0arity$02:Gf
cljs$core$drop_last$cljs$0core$0IFn$0_invoke$0arity$02:Hf
cljs$core$drop_while$cljs$0core$0IFn$0_invoke$0arity$02:Pq
cljs$core$edit_and_set$cljs$0core$0IFn$0_invoke$0arity$04:bh
cljs$core$empty:Td
cljs$core$empty_QMARK_:ee
cljs$core$empty_ordered_hash:sd
cljs$core$empty_unordered_hash:ud
cljs$core$enable_console_print_BANG_:Ab
cljs$core$equiv_map:Mg
cljs$core$equiv_sequential:Ld
cljs$core$es6_iterator:qd
cljs$core$every_QMARK_:rf
cljs$core$ex_info$cljs$0core$0IFn$0_invoke$0arity$02:Hi
cljs$core$false_QMARK_:xp
cljs$core$filter:Tq
cljs$core$find_and_cache_best_method:zi
cljs$core$first:P
cljs$core$fix:Up
cljs$core$flatten:Of
cljs$core$float_QMARK_:Hp
cljs$core$fn_QMARK_:Yd
cljs$core$fn__GT_comparator:Lp
cljs$core$fnil$cljs$0core$0IFn$0_invoke$0arity$02:vf
cljs$core$gensym$cljs$0core$0IFn$0_invoke$0arity$01:ki
cljs$core$gensym_counter:ji
cljs$core$get:F
cljs$core$get_global_hierarchy:qi
cljs$core$get_in$cljs$0core$0IFn$0_invoke$0arity$02:Rf
cljs$core$hash:fd
cljs$core$hash_collision_node_find_index:ph
cljs$core$hash_combine:gd
cljs$core$hash_map:zh
cljs$core$hash_ordered_coll:rd
cljs$core$hash_string:ed
cljs$core$hash_unordered_coll:td
cljs$core$ident_QMARK_:aq
cljs$core$identity:ye
cljs$core$ifn_QMARK_:qe
cljs$core$imul:Yc
cljs$core$inc:vd
cljs$core$indexed_QMARK_:Fd
cljs$core$inode_kv_reduce:ch
cljs$core$inst_QMARK_:rp
cljs$core$instance_QMARK_:hd
cljs$core$int_QMARK_:Cp
cljs$core$integer_QMARK_:Bp
cljs$core$interleave:Kf
cljs$core$into:wf
cljs$core$into_array$cljs$0core$0IFn$0_invoke$0arity$02:Jb
cljs$core$isa_QMARK_$cljs$0core$0IFn$0_invoke$0arity$03:ui
cljs$core$iter_reduce$cljs$0core$0IFn$0_invoke$0arity$02:ue
cljs$core$iter_reduce$cljs$0core$0IFn$0_invoke$0arity$03:ve
cljs$core$iterable_QMARK_:kd
cljs$core$juxt$cljs$0core$0IFn$0_invoke$0arity$02:br
cljs$core$keep$cljs$0core$0IFn$0_invoke$0arity$02:zf
cljs$core$key:vg
cljs$core$key_test:Zg
cljs$core$keys:Sg
cljs$core$keyword:Me
cljs$core$keyword_QMARK_:Zp
cljs$core$keyword_identical_QMARK_:Le
cljs$core$last:Od
cljs$core$linear_traversal_nth$cljs$0core$0IFn$0_invoke$0arity$03:Ud
cljs$core$list:Je
cljs$core$list_QMARK_:He
cljs$core$lookup_sentinel:ne
cljs$core$m3_fmix:ad
cljs$core$m3_hash_unencoded_chars:bd
cljs$core$m3_mix_H1:$c
cljs$core$m3_mix_K1:Zc
cljs$core$map:Ef
cljs$core$map_QMARK_:ie
cljs$core$map_entry_QMARK_:ug
cljs$core$map_indexed$cljs$0core$0IFn$0_invoke$0arity$02:yf
cljs$core$mapcat$cljs$0core$0IFn$0_invoke$0arity$0variadic:Sq
cljs$core$mapv$cljs$0core$0IFn$0_invoke$0arity$02:Pf
cljs$core$max:Ce
cljs$core$max_key:Kh
cljs$core$merge:Ch
cljs$core$merge_with:Yq
cljs$core$meta:be
cljs$core$missing_protocol:Fb
cljs$core$name:Ne
cljs$core$namespace:$p
cljs$core$nat_int_QMARK_:Gp
cljs$core$native_satisfies_QMARK_:Eb
cljs$core$neg_int_QMARK_:Fp
cljs$core$never_equiv:Lg
cljs$core$new_path:bg
cljs$core$next:Q
cljs$core$next_STAR_:$e
cljs$core$nil_QMARK_:Bb
cljs$core$nil_iter:lf
cljs$core$not:Db
cljs$core$not_EQ_$cljs$0core$0IFn$0_invoke$0arity$02:jq
cljs$core$not_empty:kf
cljs$core$nth:Id
cljs$core$nth$cljs$0core$0IFn$0_invoke$0arity$02:Hd
cljs$core$nth$cljs$0core$0IFn$0_invoke$0arity$03:U
cljs$core$number_QMARK_:to
cljs$core$parents$cljs$0core$0IFn$0_invoke$0arity$01:vi
cljs$core$partial:uf
cljs$core$partition$cljs$0core$0IFn$0_invoke$0arity$03:Qf
cljs$core$peek:ce
cljs$core$pop_tail:hg
cljs$core$pos_int_QMARK_:Ep
cljs$core$pr_opts:tb
cljs$core$pr_sb_with_opts:fi
cljs$core$pr_sequential_writer:Vh
cljs$core$pr_str_STAR_:Xc
cljs$core$pr_str_with_opts:gi
cljs$core$pr_writer:bi
cljs$core$pr_writer_impl:ai
cljs$core$prefers_STAR_:xi
cljs$core$prim_seq$cljs$0core$0IFn$0_invoke$0arity$02:Nd
cljs$core$print_map:ci
cljs$core$print_meta_QMARK_:$h
cljs$core$print_prefix_map:hi
cljs$core$push_tail:cg
cljs$core$pv_clone_node:$f
cljs$core$pv_fresh_node:Zf
cljs$core$pv_reduce$cljs$0core$0IFn$0_invoke$0arity$04:kg
cljs$core$pv_reduce$cljs$0core$0IFn$0_invoke$0arity$05:lg
cljs$core$qualified_ident_QMARK_:cq
cljs$core$qualified_keyword_QMARK_:hq
cljs$core$qualified_symbol_QMARK_:fq
cljs$core$quot:De
cljs$core$quote_string:Zh
cljs$core$random_uuid:lr
cljs$core$range$cljs$0core$0IFn$0_invoke$0arity$03:Ph
cljs$core$ranged_iterator:jg
cljs$core$re_find:Sh
cljs$core$re_matches:Rh
cljs$core$re_pattern:Uh
cljs$core$re_seq_STAR_:Th
cljs$core$record_QMARK_:je
cljs$core$reduce:Lb
cljs$core$reduce$cljs$0core$0IFn$0_invoke$0arity$02:we
cljs$core$reduce$cljs$0core$0IFn$0_invoke$0arity$03:Kb
cljs$core$reduce_kv:xe
cljs$core$reduced_QMARK_:xd
cljs$core$remove:Uq
cljs$core$remove_pair:ah
cljs$core$repeat$cljs$0core$0IFn$0_invoke$0arity$01:Rq
cljs$core$repeat$cljs$0core$0IFn$0_invoke$0arity$02:Jf
cljs$core$reset_BANG_:Cf
cljs$core$reset_cache:wi
cljs$core$rest:md
cljs$core$reverse:Wp
cljs$core$second:up
cljs$core$seq:N
cljs$core$seq_QMARK_:oe
cljs$core$seq_reduce:tp
cljs$core$seq_reduce$cljs$0core$0IFn$0_invoke$0arity$02:se
cljs$core$seq_reduce$cljs$0core$0IFn$0_invoke$0arity$03:te
cljs$core$seqable_QMARK_:Ap
cljs$core$sequence$cljs$0core$0IFn$0_invoke$0arity$01:lq
cljs$core$sequential_QMARK_:he
cljs$core$set:Ih
cljs$core$set_QMARK_:ge
cljs$core$simple_ident_QMARK_:bq
cljs$core$simple_keyword_QMARK_:gq
cljs$core$simple_symbol_QMARK_:dq
cljs$core$some:sf
cljs$core$some_QMARK_:uo
cljs$core$sort$cljs$0core$0IFn$0_invoke$0arity$02:Mp
cljs$core$spread:We
cljs$core$str:D
cljs$core$string_QMARK_:yo
cljs$core$string_hash_cache:cd
cljs$core$string_hash_cache_count:dd
cljs$core$subvec:Cg
cljs$core$swap_BANG_:Df
cljs$core$symbol:jd
cljs$core$symbol_QMARK_:op
cljs$core$t_cljs$0core17904:ro
cljs$core$tail_off:ag
cljs$core$take:Lq
cljs$core$take_while$cljs$0core$0IFn$0_invoke$0arity$02:ar
cljs$core$tapset:Ii
cljs$core$throw_no_method_error:Ai
cljs$core$to_array:Np
cljs$core$transduce$cljs$0core$0IFn$0_invoke$0arity$04:ze
cljs$core$tree_seq:Nf
cljs$core$true_QMARK_:yp
cljs$core$truth_:B
cljs$core$tv_editable_root:og
cljs$core$tv_editable_tail:pg
cljs$core$tv_ensure_editable:Dg
cljs$core$tv_push_tail:Eg
cljs$core$type:Bo
cljs$core$type__GT_str:Gb
cljs$core$unchecked_array_for:eg
cljs$core$update:Vq
cljs$core$update_in:Tf
cljs$core$uri_QMARK_:pr
cljs$core$uuid_QMARK_:mr
cljs$core$val:wg
cljs$core$vals:Tg
cljs$core$vec:tg
cljs$core$vector:xg
cljs$core$vector_QMARK_:ke
cljs$core$vector_index_out_of_bounds:dg
cljs$core$with_meta:ae
cljs$core$write_all$cljs$0core$0IFn$0_invoke$0arity$0variadic:Xh
cljs$core$zero_QMARK_:Vp
cljs$core$zipmap:$q
cljs$cst$keyword$Hz:fx
cljs$cst$keyword$_:Mz
cljs$cst$keyword$_AMPERSAND_:ms
cljs$cst$keyword$_DASH_:rA
cljs$cst$keyword$_GT_:my
cljs$cst$keyword$_LT__DASH_:bj
cljs$cst$keyword$_LT__GT_:pj
cljs$cst$keyword$_PERCENT_:ju
cljs$cst$keyword$_PLUS_:iz
cljs$cst$keyword$_STAR_:wj
cljs$cst$keyword$a:Nj
cljs$cst$keyword$about:Vs
cljs$cst$keyword$about_DASH_panel:Ti
cljs$cst$keyword$accept:iA
cljs$cst$keyword$action:ej
cljs$cst$keyword$active_DASH_panel:Mi
cljs$cst$keyword$add_DASH_event:Pj
cljs$cst$keyword$after:Aj
cljs$cst$keyword$aliceblue:Px
cljs$cst$keyword$alt_DASH_impl:di
cljs$cst$keyword$amp:Qv
cljs$cst$keyword$ancestors:ti
cljs$cst$keyword$and:Tv
cljs$cst$keyword$antiquewhite:Rt
cljs$cst$keyword$any:ew
cljs$cst$keyword$app_DASH_link:rv
cljs$cst$keyword$aqua:Et
cljs$cst$keyword$aquamarine:fC
cljs$cst$keyword$args:jC
cljs$cst$keyword$atom:yk
cljs$cst$keyword$auto_DASH_prefix:uy
cljs$cst$keyword$auto_DASH_run:Pi
cljs$cst$keyword$autobind:bk
cljs$cst$keyword$azure:iu
cljs$cst$keyword$before:Fj
cljs$cst$keyword$beige:kC
cljs$cst$keyword$bisque:Ey
cljs$cst$keyword$black:lC
cljs$cst$keyword$blanchedalmond:Gx
cljs$cst$keyword$blue:ts
cljs$cst$keyword$blueviolet:Tw
cljs$cst$keyword$body:hB
cljs$cst$keyword$border:PC
cljs$cst$keyword$brown:eB
cljs$cst$keyword$burlywood:fw
cljs$cst$keyword$cadetblue:Ss
cljs$cst$keyword$ch:GC
cljs$cst$keyword$chartreuse:ku
cljs$cst$keyword$chocolate:Ur
cljs$cst$keyword$chunk:Lt
cljs$cst$keyword$class:aj
cljs$cst$keyword$cljsLegacyRender:dj
cljs$cst$keyword$cljs_DOT_spec_DOT_alpha_SLASH_accept:ey
cljs$cst$keyword$cljs_DOT_spec_DOT_alpha_SLASH_alt:qs
cljs$cst$keyword$cljs_DOT_spec_DOT_alpha_SLASH_amp:js
cljs$cst$keyword$cljs_DOT_spec_DOT_alpha_SLASH_conform_DASH_all:rD
cljs$cst$keyword$cljs_DOT_spec_DOT_alpha_SLASH_cpred:Yv
cljs$cst$keyword$cljs_DOT_spec_DOT_alpha_SLASH_describe:JB
cljs$cst$keyword$cljs_DOT_spec_DOT_alpha_SLASH_gfn:aB
cljs$cst$keyword$cljs_DOT_spec_DOT_alpha_SLASH_invalid:Yw
cljs$cst$keyword$cljs_DOT_spec_DOT_alpha_SLASH_k:Lw
cljs$cst$keyword$cljs_DOT_spec_DOT_alpha_SLASH_kfn:zz
cljs$cst$keyword$cljs_DOT_spec_DOT_alpha_SLASH_kind_DASH_form:Bs
cljs$cst$keyword$cljs_DOT_spec_DOT_alpha_SLASH_kvs_DASH__GT_map:Rx
cljs$cst$keyword$cljs_DOT_spec_DOT_alpha_SLASH_name:Ct
cljs$cst$keyword$cljs_DOT_spec_DOT_alpha_SLASH_nil:As
cljs$cst$keyword$cljs_DOT_spec_DOT_alpha_SLASH_op:zu
cljs$cst$keyword$cljs_DOT_spec_DOT_alpha_SLASH_pcat:Zw
cljs$cst$keyword$cljs_DOT_spec_DOT_alpha_SLASH_recursion_DASH_limit:Pu
cljs$cst$keyword$cljs_DOT_spec_DOT_alpha_SLASH_rep:gC
cljs$cst$keyword$cljs_DOT_spec_DOT_alpha_SLASH_unknown:ZC
cljs$cst$keyword$cljs_DOT_spec_DOT_alpha_SLASH_v:Iw
cljs$cst$keyword$cm:JC
cljs$cst$keyword$coeffects:Vf
cljs$cst$keyword$cofx:nj
cljs$cst$keyword$colon:zy
cljs$cst$keyword$combinator:Ju
cljs$cst$keyword$combinators:Xu
cljs$cst$keyword$comma:Pr
cljs$cst$keyword$componentFunction:Qi
cljs$cst$keyword$componentWillMount:sk
cljs$cst$keyword$componentWillUnmount:Sj
cljs$cst$keyword$component_DASH_did_DASH_update:Bj
cljs$cst$keyword$component_DASH_will_DASH_unmount:mk
cljs$cst$keyword$conform_DASH_keys:ft
cljs$cst$keyword$contact_DASH_panel:tt
cljs$cst$keyword$coral:Jw
cljs$cst$keyword$cornflowerblue:qu
cljs$cst$keyword$cornsilk:Kz
cljs$cst$keyword$count:tB
cljs$cst$keyword$crimson:IB
cljs$cst$keyword$css:mw
cljs$cst$keyword$cyan:CA
cljs$cst$keyword$darkblue:LC
cljs$cst$keyword$darkcyan:lv
cljs$cst$keyword$darkgoldenrod:Ot
cljs$cst$keyword$darkgray:jz
cljs$cst$keyword$darkgreen:Tt
cljs$cst$keyword$darkgrey:Hv
cljs$cst$keyword$darkkhaki:QA
cljs$cst$keyword$darkmagenta:bB
cljs$cst$keyword$darkolivegreen:ty
cljs$cst$keyword$darkorange:Pv
cljs$cst$keyword$darkorchid:sz
cljs$cst$keyword$darkred:Gu
cljs$cst$keyword$darksalmon:Fz
cljs$cst$keyword$darkseagreen:qB
cljs$cst$keyword$darkslateblue:vr
cljs$cst$keyword$darkslategray:Au
cljs$cst$keyword$darkslategrey:vB
cljs$cst$keyword$darkturquoise:$w
cljs$cst$keyword$darkviolet:Uv
cljs$cst$keyword$data:bs
cljs$cst$keyword$data_DASH_string:OC
cljs$cst$keyword$db:Mj
cljs$cst$keyword$db_DASH_handler:uk
cljs$cst$keyword$debug:kk
cljs$cst$keyword$deeppink:cu
cljs$cst$keyword$deepskyblue:fs
cljs$cst$keyword$default:Ci
cljs$cst$keyword$deg:ct
cljs$cst$keyword$deregister_DASH_event_DASH_handler:fk
cljs$cst$keyword$descendant:jv
cljs$cst$keyword$descendants:si
cljs$cst$keyword$dimgray:Ws
cljs$cst$keyword$dimgrey:$r
cljs$cst$keyword$dispatch:cj
cljs$cst$keyword$dispatch_DASH_later:xj
cljs$cst$keyword$dispatch_DASH_n:vj
cljs$cst$keyword$displayName:Ri
cljs$cst$keyword$display_DASH_name:dk
cljs$cst$keyword$distinct:nx
cljs$cst$keyword$div:Zj
cljs$cst$keyword$div_DOT_bg_DASH_near_DASH_white_DOT_w_DASH_100:hx
cljs$cst$keyword$div_DOT_flex_DOT_flex_DASH_column_DOT_justify_DASH_between_DOT_h_DASH_75_DOT_mt3_DOT_items_DASH_center_DOT_relative:uC
cljs$cst$keyword$div_DOT_flex_DOT_flex_DASH_row_DOT_w_DASH_100_DOT_purple_DOT_bw3_DOT_vh_DASH_100_DOT_flex_DASH_row_DASH_m_DOT_fixed_DOT_bg_DASH_image:vD
cljs$cst$keyword$div_DOT_hover_DASH_washed_DASH_blue_DOT_hover_DASH_bg_DASH_moon_DASH_gray_DOT_hover_DASH_animate:Sv
cljs$cst$keyword$div_DOT_no_DASH_shadow_DOT_ma2_DOT_mt3_DOT_flex_DOT_flex_DASH_column:zx
cljs$cst$keyword$div_DOT_o_DASH_70:rB
cljs$cst$keyword$div_DOT_tracked_DASH_ns_DOT_tc:Su
cljs$cst$keyword$div_DOT_vh_DASH_100_DOT_flex_DOT_flex_DASH_column_DOT_justify_DASH_between:Qz
cljs$cst$keyword$div_DOT_w_DASH_40_DOT_br_DOT_bw2_DOT_b_DASH__DASH_near_DASH_black_DOT_bg_DASH_near_DASH_white:Nz
cljs$cst$keyword$div_DOT_w_DASH_75_DOT_h_DASH_100:Ir
cljs$cst$keyword$do_DASH_fx:Yj
cljs$cst$keyword$docs:ZB
cljs$cst$keyword$dodgerblue:tz
cljs$cst$keyword$dpcm:Wu
cljs$cst$keyword$dpi:mB
cljs$cst$keyword$dppx:Vr
cljs$cst$keyword$dup:yb
cljs$cst$keyword$duration:Zv
cljs$cst$keyword$effects:Xj
cljs$cst$keyword$element:fB
cljs$cst$keyword$elements:Nw
cljs$cst$keyword$em:oC
cljs$cst$keyword$error:Uj
cljs$cst$keyword$event:Vj
cljs$cst$keyword$ex:mC
cljs$cst$keyword$exception:qj
cljs$cst$keyword$extend:SC
cljs$cst$keyword$fallback_DASH_impl:ei
cljs$cst$keyword$feature:Gv
cljs$cst$keyword$feature_DASH_queries:My
cljs$cst$keyword$finish_DASH_run:rj
cljs$cst$keyword$firebrick:Ky
cljs$cst$keyword$floralwhite:ow
cljs$cst$keyword$flush_DASH_dom:Cj
cljs$cst$keyword$flush_DASH_on_DASH_newline:vb
cljs$cst$keyword$fn:hC
cljs$cst$keyword$forestgreen:iB
cljs$cst$keyword$forms:Ew
cljs$cst$keyword$frame:cC
cljs$cst$keyword$frames:UB
cljs$cst$keyword$fsm_DASH_state:Wi
cljs$cst$keyword$fuchsia:Iu
cljs$cst$keyword$function:Nt
cljs$cst$keyword$fx:uj
cljs$cst$keyword$gainsboro:$y
cljs$cst$keyword$gen:Ux
cljs$cst$keyword$gen_DASH_max:$u
cljs$cst$keyword$gfn:$x
cljs$cst$keyword$ghostwhite:yw
cljs$cst$keyword$global:Js
cljs$cst$keyword$gold:us
cljs$cst$keyword$goldenrod:Kt
cljs$cst$keyword$grad:dC
cljs$cst$keyword$gray:DB
cljs$cst$keyword$green:Xx
cljs$cst$keyword$greenyellow:Zt
cljs$cst$keyword$group:pk
cljs$cst$keyword$groupEnd:xk
cljs$cst$keyword$h1_DOT_f_DASH_sub_DASH_headline_DOT_lh_DASH_title_DOT_avenir_DOT_f2:Hz
cljs$cst$keyword$herb_DOT_spec_SLASH_auto_DASH_prefix:CC
cljs$cst$keyword$herb_DOT_spec_SLASH_classes:PA
cljs$cst$keyword$herb_DOT_spec_SLASH_frame:ds
cljs$cst$keyword$herb_DOT_spec_SLASH_frames:WA
cljs$cst$keyword$herb_DOT_spec_SLASH_options:UA
cljs$cst$keyword$herb_DOT_spec_SLASH_vendors:Yt
cljs$cst$keyword$hierarchy:Jj
cljs$cst$keyword$hint:Nv
cljs$cst$keyword$home_DASH_panel:Yi
cljs$cst$keyword$honeydew:Ox
cljs$cst$keyword$hotpink:Dv
cljs$cst$keyword$href:qk
cljs$cst$keyword$html:es
cljs$cst$keyword$id:ik
cljs$cst$keyword$identifier:Ds
cljs$cst$keyword$identity_DASH_fn:ry
cljs$cst$keyword$idle:Ki
cljs$cst$keyword$im_DASH_gal_DOT_events_SLASH_initialize_DASH_db:zk
cljs$cst$keyword$im_DASH_gal_DOT_events_SLASH_set_DASH_active_DASH_panel:Rj
cljs$cst$keyword$im_DASH_gal_DOT_subs_SLASH_active_DASH_panel:gk
cljs$cst$keyword$im_DASH_gal_DOT_subs_SLASH_name:lk
cljs$cst$keyword$import:qz
cljs$cst$keyword$in:XC
cljs$cst$keyword$indianred:bt
cljs$cst$keyword$indigo:Hu
cljs$cst$keyword$input:iy
cljs$cst$keyword$into:Fv
cljs$cst$keyword$ivory:Lz
cljs$cst$keyword$job_DASH_desc:qD
cljs$cst$keyword$kHz:px
cljs$cst$keyword$key:Lj
cljs$cst$keyword$keyframe:TA
cljs$cst$keyword$keyframes:sw
cljs$cst$keyword$keys_DASH_pred:By
cljs$cst$keyword$keyword:sD
cljs$cst$keyword$keyword_DASH_fn:oi
cljs$cst$keyword$khaki:Gs
cljs$cst$keyword$kind:Sx
cljs$cst$keyword$ks:is
cljs$cst$keyword$kw:ks
cljs$cst$keyword$l_DASH_brace:Zx
cljs$cst$keyword$l_DASH_paren:MA
cljs$cst$keyword$lavender:YB
cljs$cst$keyword$lavenderblush:zt
cljs$cst$keyword$lawngreen:FC
cljs$cst$keyword$lemonchiffon:ls
cljs$cst$keyword$lightblue:St
cljs$cst$keyword$lightcoral:vA
cljs$cst$keyword$lightcyan:HC
cljs$cst$keyword$lightgoldenrodyellow:Tz
cljs$cst$keyword$lightgray:YC
cljs$cst$keyword$lightgreen:Yu
cljs$cst$keyword$lightgrey:pC
cljs$cst$keyword$lightpink:KB
cljs$cst$keyword$lightsalmon:qw
cljs$cst$keyword$lightseagreen:IA
cljs$cst$keyword$lightskyblue:Gz
cljs$cst$keyword$lightslategray:Hs
cljs$cst$keyword$lightslategrey:Or
cljs$cst$keyword$lightsteelblue:ww
cljs$cst$keyword$lightyellow:xy
cljs$cst$keyword$lime:sr
cljs$cst$keyword$limegreen:nC
cljs$cst$keyword$linen:ly
cljs$cst$keyword$link:Dr
cljs$cst$keyword$list:AC
cljs$cst$keyword$log:Si
cljs$cst$keyword$magenta:Ns
cljs$cst$keyword$map:Vi
cljs$cst$keyword$margin:et
cljs$cst$keyword$maroon:Xt
cljs$cst$keyword$max:oB
cljs$cst$keyword$max_DASH_count:wD
cljs$cst$keyword$max_DASH_elements:xv
cljs$cst$keyword$max_DASH_tries:gy
cljs$cst$keyword$maybe:Aw
cljs$cst$keyword$media:dD
cljs$cst$keyword$media_DASH_expressions:GA
cljs$cst$keyword$media_DASH_queries:Ww
cljs$cst$keyword$mediumaquamarine:vx
cljs$cst$keyword$mediumblue:tw
cljs$cst$keyword$mediumorchid:Xw
cljs$cst$keyword$mediumpurple:lw
cljs$cst$keyword$mediumseagreen:os
cljs$cst$keyword$mediumslateblue:VB
cljs$cst$keyword$mediumspringgreen:ov
cljs$cst$keyword$mediumturquoise:wy
cljs$cst$keyword$mediumvioletred:xt
cljs$cst$keyword$merge:mx
cljs$cst$keyword$meta:xb
cljs$cst$keyword$midnightblue:xx
cljs$cst$keyword$min:BC
cljs$cst$keyword$min_DASH_count:Ez
cljs$cst$keyword$min_DASH_elements:Sy
cljs$cst$keyword$min_DASH_height:EA
cljs$cst$keyword$mintcream:NB
cljs$cst$keyword$mistyrose:Gt
cljs$cst$keyword$mm:Rr
cljs$cst$keyword$moccasin:Ou
cljs$cst$keyword$more_DASH_marker:Wh
cljs$cst$keyword$ms:Ni
cljs$cst$keyword$n:aA
cljs$cst$keyword$name:ij
cljs$cst$keyword$namespace:gv
cljs$cst$keyword$nav_DOT_vh_DASH_100_DOT_w_DASH_100:Cr
cljs$cst$keyword$navajowhite:Fw
cljs$cst$keyword$navy:cy
cljs$cst$keyword$nesting_DASH_behavior:vv
cljs$cst$keyword$nil:pw
cljs$cst$keyword$no_DASH_cache:mj
cljs$cst$keyword$num_DASH_elements:Cy
cljs$cst$keyword$oldlace:dx
cljs$cst$keyword$olive:hu
cljs$cst$keyword$olivedrab:FA
cljs$cst$keyword$on_DASH_dispose:Ui
cljs$cst$keyword$on_DASH_set:lj
cljs$cst$keyword$on_DASH_write:Kj
cljs$cst$keyword$opt:cD
cljs$cst$keyword$opt_DASH_keys:rC
cljs$cst$keyword$opt_DASH_specs:lz
cljs$cst$keyword$opt_DASH_un:kt
cljs$cst$keyword$orange:tC
cljs$cst$keyword$orangered:YA
cljs$cst$keyword$orchid:Qt
cljs$cst$keyword$output_DASH_to:JA
cljs$cst$keyword$p1:Br
cljs$cst$keyword$p2:zr
cljs$cst$keyword$palegoldenrod:RC
cljs$cst$keyword$palegreen:Jt
cljs$cst$keyword$paleturquoise:pz
cljs$cst$keyword$palevioletred:jD
cljs$cst$keyword$papayawhip:BA
cljs$cst$keyword$params:vk
cljs$cst$keyword$parents:ri
cljs$cst$keyword$pause:nk
cljs$cst$keyword$paused:zj
cljs$cst$keyword$pc:Ys
cljs$cst$keyword$peachpuff:qA
cljs$cst$keyword$pending:jr
cljs$cst$keyword$peru:rz
cljs$cst$keyword$pink:aD
cljs$cst$keyword$plum:iv
cljs$cst$keyword$powderblue:pD
cljs$cst$keyword$preamble:Fr
cljs$cst$keyword$pred_DASH_exprs:vz
cljs$cst$keyword$pred_DASH_forms:Nx
cljs$cst$keyword$prefix:ck
cljs$cst$keyword$pretty_DASH_print:Hx
cljs$cst$keyword$pretty_DASH_print_QMARK_:$s
cljs$cst$keyword$prevent_DASH_default_DASH_when_DASH_no_DASH_match_QMARK_:Vx
cljs$cst$keyword$print_DASH_length:zb
cljs$cst$keyword$processable_DASH_url_QMARK_:gu
cljs$cst$keyword$ps:Ps
cljs$cst$keyword$pseudo:cw
cljs$cst$keyword$pt:Os
cljs$cst$keyword$purple:Jy
cljs$cst$keyword$px:Rs
cljs$cst$keyword$query_DASH_params:Qj
cljs$cst$keyword$queue:Xf
cljs$cst$keyword$r_DASH_brace:CB
cljs$cst$keyword$r_DASH_paren:VC
cljs$cst$keyword$rad:dz
cljs$cst$keyword$re_DASH_frame_DOT_std_DASH_interceptors_SLASH_not_DASH_found:ak
cljs$cst$keyword$re_DASH_frame_DOT_std_DASH_interceptors_SLASH_untrimmed_DASH_event:jj
cljs$cst$keyword$readably:wb
cljs$cst$keyword$ready:er
cljs$cst$keyword$reagentRender:hj
cljs$cst$keyword$reagent_DASH_render:Ej
cljs$cst$keyword$red:jA
cljs$cst$keyword$rem:gA
cljs$cst$keyword$render:Oi
cljs$cst$keyword$rep_PLUS_:kD
cljs$cst$keyword$repo:mA
cljs$cst$keyword$req:nA
cljs$cst$keyword$req_DASH_keys:KC
cljs$cst$keyword$req_DASH_specs:zA
cljs$cst$keyword$req_DASH_un:Cw
cljs$cst$keyword$resume:jk
cljs$cst$keyword$ret:oA
cljs$cst$keyword$rettag:tv
cljs$cst$keyword$return_DASH_value:Dy
cljs$cst$keyword$rosybrown:Lx
cljs$cst$keyword$route:Zi
cljs$cst$keyword$royalblue:ex
cljs$cst$keyword$rules:uz
cljs$cst$keyword$run_DASH_queue:ok
cljs$cst$keyword$running:$i
cljs$cst$keyword$s:Wz
cljs$cst$keyword$saddlebrown:Xv
cljs$cst$keyword$salmon:bu
cljs$cst$keyword$sandybrown:xs
cljs$cst$keyword$scheduled:Tj
cljs$cst$keyword$seagreen:uv
cljs$cst$keyword$seashell:Mx
cljs$cst$keyword$secretary_DOT_core_SLASH_map:Xi
cljs$cst$keyword$secretary_DOT_core_SLASH_sequential:Ij
cljs$cst$keyword$section:XB
cljs$cst$keyword$selector:SB
cljs$cst$keyword$semicolon:Bv
cljs$cst$keyword$sequential:tj
cljs$cst$keyword$set:Oj
cljs$cst$keyword$shouldComponentUpdate:hk
cljs$cst$keyword$shrunk:ny
cljs$cst$keyword$sienna:Zr
cljs$cst$keyword$silver:Yy
cljs$cst$keyword$size:Er
cljs$cst$keyword$skyblue:fy
cljs$cst$keyword$slateblue:ps
cljs$cst$keyword$slategray:xB
cljs$cst$keyword$slategrey:bC
cljs$cst$keyword$smallest:dw
cljs$cst$keyword$snow:gD
cljs$cst$keyword$space_PLUS_:xu
cljs$cst$keyword$span:Fu
cljs$cst$keyword$span_DOT_f3:nB
cljs$cst$keyword$splice:EB
cljs$cst$keyword$springgreen:Cv
cljs$cst$keyword$stack:fj
cljs$cst$keyword$status:dr
cljs$cst$keyword$steelblue:iw
cljs$cst$keyword$str:sC
cljs$cst$keyword$strable:Xz
cljs$cst$keyword$string:Wr
cljs$cst$keyword$style:uu
cljs$cst$keyword$sub:Dj
cljs$cst$keyword$supports:sy
cljs$cst$keyword$tag:py
cljs$cst$keyword$tan:vy
cljs$cst$keyword$teal:yB
cljs$cst$keyword$tech_DASH_used:Rv
cljs$cst$keyword$thistle:NA
cljs$cst$keyword$title:Iv
cljs$cst$keyword$tomato:tu
cljs$cst$keyword$trigger:Gj
cljs$cst$keyword$trim_DASH_v:yj
cljs$cst$keyword$turn:Cs
cljs$cst$keyword$turquoise:Hw
cljs$cst$keyword$unnamed:rk
cljs$cst$keyword$url:sB
cljs$cst$keyword$val:ii
cljs$cst$keyword$validator:Wj
cljs$cst$keyword$value:kA
cljs$cst$keyword$vector:xA
cljs$cst$keyword$vendors:hs
cljs$cst$keyword$vh:lt
cljs$cst$keyword$violet:Tr
cljs$cst$keyword$vmax:oD
cljs$cst$keyword$vmin:RB
cljs$cst$keyword$vw:jt
cljs$cst$keyword$warn:kj
cljs$cst$keyword$wheat:Mw
cljs$cst$keyword$white:yr
cljs$cst$keyword$white_DASH_space_PLUS_:pt
cljs$cst$keyword$whitesmoke:QC
cljs$cst$keyword$yellow:bA
cljs$cst$keyword$yellowgreen:Zs
cljs$cst$keyword$yield:ek
cljs$cst$symbol$_PERCENT_:Qw
cljs$cst$symbol$a:ru
cljs$cst$symbol$abbr:Uw
cljs$cst$symbol$active:su
cljs$cst$symbol$addcv:av
cljs$cst$symbol$address:ez
cljs$cst$symbol$aform:gB
cljs$cst$symbol$and:Uy
cljs$cst$symbol$area:Xs
cljs$cst$symbol$argm:ur
cljs$cst$symbol$argspec:Ar
cljs$cst$symbol$article:yC
cljs$cst$symbol$aside:WB
cljs$cst$symbol$audio:mt
cljs$cst$symbol$b:lu
cljs$cst$symbol$base:OA
cljs$cst$symbol$bdi:Kw
cljs$cst$symbol$bdo:Gw
cljs$cst$symbol$blockable:bD
cljs$cst$symbol$blockquote:LB
cljs$cst$symbol$body:$t
cljs$cst$symbol$br:Vy
cljs$cst$symbol$button:Dx
cljs$cst$symbol$canvas:wv
cljs$cst$symbol$caption:tA
cljs$cst$symbol$cfns:uA
cljs$cst$symbol$cform:wt
cljs$cst$symbol$check_QMARK_:ay
cljs$cst$symbol$checked:wr
cljs$cst$symbol$cite:It
cljs$cst$symbol$clauses:gj
cljs$cst$symbol$cljs_DOT_core_SLASH_any_QMARK_:xC
cljs$cst$symbol$cljs_DOT_core_SLASH_fn:rs
cljs$cst$symbol$cljs_DOT_core_SLASH_keyword_QMARK_:Nu
cljs$cst$symbol$cljs_DOT_core_SLASH_list_QMARK_:LA
cljs$cst$symbol$cljs_DOT_core_SLASH_map:aC
cljs$cst$symbol$cljs_DOT_core_SLASH_map_QMARK_:Kv
cljs$cst$symbol$cljs_DOT_core_SLASH_nil_QMARK_:MC
cljs$cst$symbol$cljs_DOT_core_SLASH_set_QMARK_:pv
cljs$cst$symbol$cljs_DOT_core_SLASH_string_QMARK_:ht
cljs$cst$symbol$cljs_DOT_core_SLASH_symbol_QMARK_:XA
cljs$cst$symbol$cljs_DOT_core_SLASH_vector_QMARK_:Iz
cljs$cst$symbol$cljs_DOT_core_SLASH_zipmap:Kx
cljs$cst$symbol$cljs_DOT_spec_DOT_alpha_SLASH__AMPERSAND_:ns
cljs$cst$symbol$cljs_DOT_spec_DOT_alpha_SLASH__PLUS_:IC
cljs$cst$symbol$cljs_DOT_spec_DOT_alpha_SLASH__QMARK_:NC
cljs$cst$symbol$cljs_DOT_spec_DOT_alpha_SLASH__STAR_:au
cljs$cst$symbol$cljs_DOT_spec_DOT_alpha_SLASH_alt:Pw
cljs$cst$symbol$cljs_DOT_spec_DOT_alpha_SLASH_cat:ot
cljs$cst$symbol$cljs_DOT_spec_DOT_alpha_SLASH_coll_DASH_of:nv
cljs$cst$symbol$cljs_DOT_spec_DOT_alpha_SLASH_conformer:KA
cljs$cst$symbol$cljs_DOT_spec_DOT_alpha_SLASH_fspec:hD
cljs$cst$symbol$cljs_DOT_spec_DOT_alpha_SLASH_keys:Oy
cljs$cst$symbol$cljs_DOT_spec_DOT_alpha_SLASH_or:qv
cljs$cst$symbol$clojure_DOT_test_DOT_check_DOT_generators_SLASH__DASH__GT_Generator:mD
cljs$cst$symbol$clojure_DOT_test_DOT_check_DOT_generators_SLASH_any_DASH_printable:rt
cljs$cst$symbol$clojure_DOT_test_DOT_check_DOT_generators_SLASH_bind:cx
cljs$cst$symbol$clojure_DOT_test_DOT_check_DOT_generators_SLASH_boolean:iD
cljs$cst$symbol$clojure_DOT_test_DOT_check_DOT_generators_SLASH_char:$v
cljs$cst$symbol$clojure_DOT_test_DOT_check_DOT_generators_SLASH_choose:kz
cljs$cst$symbol$clojure_DOT_test_DOT_check_DOT_generators_SLASH_double:pu
cljs$cst$symbol$clojure_DOT_test_DOT_check_DOT_generators_SLASH_elements:Wv
cljs$cst$symbol$clojure_DOT_test_DOT_check_DOT_generators_SLASH_fmap:Lv
cljs$cst$symbol$clojure_DOT_test_DOT_check_DOT_generators_SLASH_generate:tx
cljs$cst$symbol$clojure_DOT_test_DOT_check_DOT_generators_SLASH_generator_QMARK_:hw
cljs$cst$symbol$clojure_DOT_test_DOT_check_DOT_generators_SLASH_hash_DASH_map:cA
cljs$cst$symbol$clojure_DOT_test_DOT_check_DOT_generators_SLASH_keyword:by
cljs$cst$symbol$clojure_DOT_test_DOT_check_DOT_generators_SLASH_keyword_DASH_ns:hz
cljs$cst$symbol$clojure_DOT_test_DOT_check_DOT_generators_SLASH_large_DASH_integer:$z
cljs$cst$symbol$clojure_DOT_test_DOT_check_DOT_generators_SLASH_large_DASH_integer_STAR_:Xy
cljs$cst$symbol$clojure_DOT_test_DOT_check_DOT_generators_SLASH_list:rr
cljs$cst$symbol$clojure_DOT_test_DOT_check_DOT_generators_SLASH_map:Bz
cljs$cst$symbol$clojure_DOT_test_DOT_check_DOT_generators_SLASH_one_DASH_of:Rw
cljs$cst$symbol$clojure_DOT_test_DOT_check_DOT_generators_SLASH_return:vt
cljs$cst$symbol$clojure_DOT_test_DOT_check_DOT_generators_SLASH_set:$A
cljs$cst$symbol$clojure_DOT_test_DOT_check_DOT_generators_SLASH_shuffle:Dt
cljs$cst$symbol$clojure_DOT_test_DOT_check_DOT_generators_SLASH_simple_DASH_type_DASH_printable:fD
cljs$cst$symbol$clojure_DOT_test_DOT_check_DOT_generators_SLASH_string_DASH_alphanumeric:Ts
cljs$cst$symbol$clojure_DOT_test_DOT_check_DOT_generators_SLASH_such_DASH_that:nt
cljs$cst$symbol$clojure_DOT_test_DOT_check_DOT_generators_SLASH_symbol:fu
cljs$cst$symbol$clojure_DOT_test_DOT_check_DOT_generators_SLASH_symbol_DASH_ns:Ny
cljs$cst$symbol$clojure_DOT_test_DOT_check_DOT_generators_SLASH_tuple:ux
cljs$cst$symbol$clojure_DOT_test_DOT_check_DOT_generators_SLASH_uuid:rw
cljs$cst$symbol$clojure_DOT_test_DOT_check_DOT_generators_SLASH_vector:zv
cljs$cst$symbol$clojure_DOT_test_DOT_check_DOT_generators_SLASH_vector_DASH_distinct:MB
cljs$cst$symbol$clojure_DOT_test_DOT_check_DOT_properties_SLASH_for_DASH_all_STAR_:uD
cljs$cst$symbol$clojure_DOT_test_DOT_check_SLASH_quick_DASH_check:kv
cljs$cst$symbol$code:Dz
cljs$cst$symbol$col:Iy
cljs$cst$symbol$colgroup:jw
cljs$cst$symbol$command:DC
cljs$cst$symbol$conform_DASH_all:Cz
cljs$cst$symbol$conform_DASH_into:Fs
cljs$cst$symbol$conform_DASH_keys:Yr
cljs$cst$symbol$count:Qu
cljs$cst$symbol$cpred:Lu
cljs$cst$symbol$cpred_QMARK_:Fy
cljs$cst$symbol$datalist:wx
cljs$cst$symbol$dd:Qy
cljs$cst$symbol$default:qt
cljs$cst$symbol$del:zw
cljs$cst$symbol$describe_DASH_form:Qx
cljs$cst$symbol$details:wB
cljs$cst$symbol$dfn:nw
cljs$cst$symbol$disabled:lB
cljs$cst$symbol$dispatch_DASH_fn:qy
cljs$cst$symbol$distinct:AA
cljs$cst$symbol$div:ax
cljs$cst$symbol$dl:Ay
cljs$cst$symbol$dt:Gy
cljs$cst$symbol$em:oy
cljs$cst$symbol$embed:Ly
cljs$cst$symbol$empty:jB
cljs$cst$symbol$enabled:Hr
cljs$cst$symbol$event_DASH_keys:eD
cljs$cst$symbol$f:ou
cljs$cst$symbol$fform:vw
cljs$cst$symbol$fieldset:Qr
cljs$cst$symbol$figcaption:vs
cljs$cst$symbol$figure:FB
cljs$cst$symbol$first:zs
cljs$cst$symbol$first_DASH_child:jx
cljs$cst$symbol$first_DASH_of_DASH_type:dA
cljs$cst$symbol$fn:Uz
cljs$cst$symbol$fn_STAR_:gs
cljs$cst$symbol$fnspec:Ow
cljs$cst$symbol$focus:$B
cljs$cst$symbol$footer:Cx
cljs$cst$symbol$form:Ry
cljs$cst$symbol$forms:it
cljs$cst$symbol$fullscreen:ZA
cljs$cst$symbol$gen_DASH_into:Jz
cljs$cst$symbol$gen_DASH_max:wA
cljs$cst$symbol$gfn:cB
cljs$cst$symbol$global:Ms
cljs$cst$symbol$h1:Vz
cljs$cst$symbol$h2:Oz
cljs$cst$symbol$h3:Pz
cljs$cst$symbol$h4:Rz
cljs$cst$symbol$h5:Sz
cljs$cst$symbol$h6:Zz
cljs$cst$symbol$head:cz
cljs$cst$symbol$header:uB
cljs$cst$symbol$herb_DOT_core_SLASH__LT_keyframes:Yx
cljs$cst$symbol$herb_DOT_core_SLASH_defkeyframes:Tx
cljs$cst$symbol$hgroup:hA
cljs$cst$symbol$history:ev
cljs$cst$symbol$hover:Mu
cljs$cst$symbol$hr:nz
cljs$cst$symbol$html:xD
cljs$cst$symbol$i:mu
cljs$cst$symbol$id:wz
cljs$cst$symbol$identity_DASH_fn:Du
cljs$cst$symbol$iframe:yy
cljs$cst$symbol$img:eC
cljs$cst$symbol$in_DASH_range:Es
cljs$cst$symbol$indeterminate:dy
cljs$cst$symbol$input:fA
cljs$cst$symbol$ins:PB
cljs$cst$symbol$inst:HB
cljs$cst$symbol$invalid:du
cljs$cst$symbol$js:HA
cljs$cst$symbol$k:Bu
cljs$cst$symbol$k_DASH__GT_s:nu
cljs$cst$symbol$kbd:Qs
cljs$cst$symbol$keygen:uw
cljs$cst$symbol$keys:xz
cljs$cst$symbol$keys_DASH__GT_specnames:Xr
cljs$cst$symbol$keys_DASH_pred:sA
cljs$cst$symbol$keyword_QMARK_:Pt
cljs$cst$symbol$kfn:ut
cljs$cst$symbol$kind:lx
cljs$cst$symbol$kind_DASH_form:yt
cljs$cst$symbol$kps:zB
cljs$cst$symbol$label:ky
cljs$cst$symbol$last_DASH_child:Hy
cljs$cst$symbol$last_DASH_of_DASH_type:OB
cljs$cst$symbol$left:EC
cljs$cst$symbol$legend:eu
cljs$cst$symbol$li:DA
cljs$cst$symbol$link:qC
cljs$cst$symbol$link_DASH_border:Yz
cljs$cst$symbol$links:yA
cljs$cst$symbol$map:as
cljs$cst$symbol$map__21356:WC
cljs$cst$symbol$map__28330:Ix
cljs$cst$symbol$map__28502:Az
cljs$cst$symbol$mark:RA
cljs$cst$symbol$match_DASH_fn:xr
cljs$cst$symbol$math:pB
cljs$cst$symbol$max_DASH_count:dt
cljs$cst$symbol$menu:eA
cljs$cst$symbol$meta:oz
cljs$cst$symbol$meta17905:kq
cljs$cst$symbol$meta21369:Py
cljs$cst$symbol$meta21416:Vt
cljs$cst$symbol$meta23331:hy
cljs$cst$symbol$meta28337:Jv
cljs$cst$symbol$meta28402:vC
cljs$cst$symbol$meta28432:TB
cljs$cst$symbol$meta28505:Vw
cljs$cst$symbol$meta28722:ix
cljs$cst$symbol$meta28729:gx
cljs$cst$symbol$meter:tr
cljs$cst$symbol$min_DASH_count:Ev
cljs$cst$symbol$nav:Jx
cljs$cst$symbol$noscript:Bw
cljs$cst$symbol$object:fz
cljs$cst$symbol$ol:yv
cljs$cst$symbol$only_DASH_child:Uu
cljs$cst$symbol$only_DASH_of_DASH_type:Fx
cljs$cst$symbol$opt:Mt
cljs$cst$symbol$opt_DASH_keys:Wx
cljs$cst$symbol$opt_DASH_specs:Ku
cljs$cst$symbol$opt_DASH_un:ws
cljs$cst$symbol$optgroup:Ex
cljs$cst$symbol$option:sx
cljs$cst$symbol$optional:ys
cljs$cst$symbol$opts:zC
cljs$cst$symbol$or:Av
cljs$cst$symbol$orig_DASH_route:oj
cljs$cst$symbol$out_DASH_of_DASH_range:ss
cljs$cst$symbol$output:Is
cljs$cst$symbol$p:Eu
cljs$cst$symbol$p1__28732_SHARP_:VA
cljs$cst$symbol$p1__28733_SHARP_:rx
cljs$cst$symbol$p__21354:yx
cljs$cst$symbol$p__28329:Zu
cljs$cst$symbol$p__28501:Ht
cljs$cst$symbol$param:xw
cljs$cst$symbol$params:tk
cljs$cst$symbol$pre:pA
cljs$cst$symbol$pred:st
cljs$cst$symbol$pred_DASH_exprs:lD
cljs$cst$symbol$pred_DASH_forms:QB
cljs$cst$symbol$preds:Vv
cljs$cst$symbol$prevent_DASH_default_DASH_when_DASH_no_DASH_match_QMARK_:yz
cljs$cst$symbol$processable_DASH_url_QMARK_:Wt
cljs$cst$symbol$progress:Sw
cljs$cst$symbol$q:Cu
cljs$cst$symbol$queue:qx
cljs$cst$symbol$re:Li
cljs$cst$symbol$read_DASH_only:yD
cljs$cst$symbol$read_DASH_write:jy
cljs$cst$symbol$req:UC
cljs$cst$symbol$req_DASH_keys:bz
cljs$cst$symbol$req_DASH_specs:Wy
cljs$cst$symbol$req_DASH_un:Ty
cljs$cst$symbol$required:lA
cljs$cst$symbol$retspec:wC
cljs$cst$symbol$rform:at
cljs$cst$symbol$right:kw
cljs$cst$symbol$root:qr
cljs$cst$symbol$rp:Tu
cljs$cst$symbol$rt:Ru
cljs$cst$symbol$ruby:gz
cljs$cst$symbol$s:wu
cljs$cst$symbol$s_SLASH_or:mz
cljs$cst$symbol$samp:Ks
cljs$cst$symbol$scope:AB
cljs$cst$symbol$script:sv
cljs$cst$symbol$section:fv
cljs$cst$symbol$select:dB
cljs$cst$symbol$small:tD
cljs$cst$symbol$source:cs
cljs$cst$symbol$span:$C
cljs$cst$symbol$spec:nD
cljs$cst$symbol$specs:az
cljs$cst$symbol$string_QMARK_:Gr
cljs$cst$symbol$strong:BB
cljs$cst$symbol$style:kB
cljs$cst$symbol$sub:Ft
cljs$cst$symbol$summary:iC
cljs$cst$symbol$sup:Bt
cljs$cst$symbol$svg:At
cljs$cst$symbol$table:Sr
cljs$cst$symbol$target:Dw
cljs$cst$symbol$tbody:Zy
cljs$cst$symbol$td:bw
cljs$cst$symbol$textarea:GB
cljs$cst$symbol$tfoot:gt
cljs$cst$symbol$th:aw
cljs$cst$symbol$thead:Ls
cljs$cst$symbol$time:Vu
cljs$cst$symbol$title:Mv
cljs$cst$symbol$tr:gw
cljs$cst$symbol$track:bx
cljs$cst$symbol$u:vu
cljs$cst$symbol$ul:Ov
cljs$cst$symbol$unc:kx
cljs$cst$symbol$uuid:ox
cljs$cst$symbol$v:yu
cljs$cst$symbol$valid:Ax
cljs$cst$symbol$var:SA
cljs$cst$symbol$vec__21402:mv
cljs$cst$symbol$video:TC
cljs$cst$symbol$visited:Bx
cljs$cst$symbol$wbr:dv
cljs$reader$check:dF
cljs$reader$days_in_month:aF
cljs$reader$parse_and_validate_timestamp:eF
cljs$reader$parse_int:cF
cljs$reader$timestamp_regex:bF
cljs$spec:pG
cljs$spec$alpha:fH
cljs$spec$alpha$_STAR_compile_asserts_STAR_:nI
cljs$spec$alpha$_STAR_runtime_asserts_STAR_:oI
cljs$spec$alpha$abbrev:FH
cljs$spec$alpha$accept:WH
cljs$spec$alpha$accept_QMARK_:XH
cljs$spec$alpha$accept_nil_QMARK_:eI
cljs$spec$alpha$add_ret:gI
cljs$spec$alpha$alt2:dI
cljs$spec$alpha$alt_STAR_:cI
cljs$spec$alpha$and_preds:TH
cljs$spec$alpha$cat_impl:ZH
cljs$spec$alpha$conform:EH
cljs$spec$alpha$conform_STAR_:mH
cljs$spec$alpha$def_impl:KH
cljs$spec$alpha$deriv:hI
cljs$spec$alpha$dt$cljs$0core$0IFn$0_invoke$0arity$04:NH
cljs$spec$alpha$empty_coll:UH
cljs$spec$alpha$every_impl$cljs$0core$0IFn$0_invoke$0arity$04:VH
cljs$spec$alpha$filter_alt:bI
cljs$spec$alpha$fn_sym:zH
cljs$spec$alpha$fspec_impl:mI
cljs$spec$alpha$gen$cljs$0core$0IFn$0_invoke$0arity$02:JH
cljs$spec$alpha$gen_STAR_:nH
cljs$spec$alpha$gensub:HH
cljs$spec$alpha$inck:MH
cljs$spec$alpha$invalid_QMARK_:DH
cljs$spec$alpha$k_gen:OH
cljs$spec$alpha$map_spec_impl:pI
cljs$spec$alpha$maybe_spec:wH
cljs$spec$alpha$op_describe:iI
cljs$spec$alpha$or_k_gen$cljs$0core$0IFn$0_invoke$0arity$02:PH
cljs$spec$alpha$or_spec_impl:SH
cljs$spec$alpha$pcat_STAR_:YH
cljs$spec$alpha$preturn:fI
cljs$spec$alpha$re_conform:kI
cljs$spec$alpha$re_gen:jI
cljs$spec$alpha$recur_limit_QMARK_:LH
cljs$spec$alpha$reg_resolve:qH
cljs$spec$alpha$reg_resolve_BANG_:rH
cljs$spec$alpha$regex_QMARK_:tH
cljs$spec$alpha$regex_spec_impl:xH
cljs$spec$alpha$registry_ref:pH
cljs$spec$alpha$rep_PLUS_impl:aI
cljs$spec$alpha$rep_STAR_:$H
cljs$spec$alpha$spec_QMARK_:sH
cljs$spec$alpha$spec_impl$cljs$0core$0IFn$0_invoke$0arity$04:BH
cljs$spec$alpha$spec_impl$cljs$0core$0IFn$0_invoke$0arity$05:QH
cljs$spec$alpha$spec_name:vH
cljs$spec$alpha$specize:CH
cljs$spec$alpha$specize_STAR_:AH
cljs$spec$alpha$t_cljs$0spec$0alpha28336:gH
cljs$spec$alpha$t_cljs$0spec$0alpha28401:hH
cljs$spec$alpha$t_cljs$0spec$0alpha28431:iH
cljs$spec$alpha$t_cljs$0spec$0alpha28504:jH
cljs$spec$alpha$t_cljs$0spec$0alpha28721:kH
cljs$spec$alpha$t_cljs$0spec$0alpha28728:lH
cljs$spec$alpha$tagged_ret:RH
cljs$spec$alpha$the_spec:yH
cljs$spec$alpha$valid_QMARK_$cljs$0core$0IFn$0_invoke$0arity$02:IH
cljs$spec$alpha$validate_fn:lI
cljs$spec$alpha$with_gen:GH
cljs$spec$alpha$with_gen_STAR_:oH
cljs$spec$alpha$with_name:uH
cljs$spec$gen$alpha$LazyVar:qG
cljs$spec$gen$alpha$any_printable:RG
cljs$spec$gen$alpha$bind:JG
cljs$spec$gen$alpha$boolean$0:SG
cljs$spec$gen$alpha$cat:cH
cljs$spec$gen$alpha$char$0:TG
cljs$spec$gen$alpha$choose:KG
cljs$spec$gen$alpha$delay_impl:AG
cljs$spec$gen$alpha$double$0:UG
cljs$spec$gen$alpha$elements:IG
cljs$spec$gen$alpha$fmap:HG
cljs$spec$gen$alpha$for_all_STAR_$cljs$0core$0IFn$0_invoke$0arity$0variadic:uG
cljs$spec$gen$alpha$for_all_STAR__ref:tG
cljs$spec$gen$alpha$gen_builtins:eH
cljs$spec$gen$alpha$generate:zG
cljs$spec$gen$alpha$generator:yG
cljs$spec$gen$alpha$hash_map:BG
cljs$spec$gen$alpha$keyword:VG
cljs$spec$gen$alpha$keyword_ns:WG
cljs$spec$gen$alpha$large_integer:XG
cljs$spec$gen$alpha$large_integer_STAR_:PG
cljs$spec$gen$alpha$list:CG
cljs$spec$gen$alpha$map:DG
cljs$spec$gen$alpha$one_of:LG
cljs$spec$gen$alpha$qualified_QMARK_:dH
cljs$spec$gen$alpha$quick_check$cljs$0core$0IFn$0_invoke$0arity$0variadic:sG
cljs$spec$gen$alpha$quick_check_ref:rG
cljs$spec$gen$alpha$return$0:OG
cljs$spec$gen$alpha$set:EG
cljs$spec$gen$alpha$shuffle:QG
cljs$spec$gen$alpha$simple_type_printable:YG
cljs$spec$gen$alpha$string_alphanumeric:ZG
cljs$spec$gen$alpha$such_that:MG
cljs$spec$gen$alpha$symbol:$G
cljs$spec$gen$alpha$symbol_ns:aH
cljs$spec$gen$alpha$tuple:NG
cljs$spec$gen$alpha$uuid:bH
cljs$spec$gen$alpha$vector:FG
cljs$spec$gen$alpha$vector_distinct:GG
cljs$tools:ME
cljs$tools$reader:NE
cljs$tools$reader$NO_MATCH:$E
cljs$tools$reader$READ_EOF:YE
cljs$tools$reader$READ_FINISHED:ZE
cljs$tools$reader$impl:OE
cljs$tools$reader$impl$inspect:PE
cljs$tools$reader$impl$inspect$dispatch_inspect:SE
cljs$tools$reader$impl$inspect$inspect_STAR_:RE
cljs$tools$reader$impl$inspect$inspect_STAR__col:QE
clojure:zD
clojure$data$atom_diff:Nn
clojure$data$diff:Qn
clojure$data$diff_associative:Rn
clojure$data$diff_associative_key:Pn
clojure$data$diff_sequential:Sn
clojure$data$diff_set:Tn
clojure$data$diff_similar:Vn
clojure$data$equality_partition:Un
clojure$data$vectorize:On
clojure$set$bubble_max_key:kl
clojure$set$difference:nl
clojure$set$intersection:ml
clojure$set$union$cljs$0core$0IFn$0_invoke$0arity$02:ll
clojure$string$join$cljs$0core$0IFn$0_invoke$0arity$02:Ik
clojure$string$replace:Hk
clojure$string$replace_all:Fk
clojure$string$replace_with:Gk
clojure$string$split$cljs$0core$0IFn$0_invoke$0arity$02:Kk
clojure$string$split$cljs$0core$0IFn$0_invoke$0arity$03:Lk
clojure$string$split_with_empty_regex:Jk
clojure$walk$keywordize_keys:Ok
clojure$walk$postwalk:Nk
clojure$walk$walk:Mk
cur$jscomp$inline_1776:CD
doc$jscomp$inline_1125:OD
docMode$jscomp$inline_1111:LD
g_28043:wG
g_QMARK__28042:vG
garden:pE
garden$compiler:hF
garden$compiler$_STAR_flags_STAR_:iF
garden$compiler$_STAR_media_query_context_STAR_:lF
garden$compiler$_STAR_selector_context_STAR_:kF
garden$compiler$add_blocks:GF
garden$compiler$comma_separated_list$cljs$0core$0IFn$0_invoke$0arity$02:CF
garden$compiler$compile_css:WF
garden$compiler$divide_vec:nF
garden$compiler$expand:oF
garden$compiler$expand_at_rule:uF
garden$compiler$expand_declaration_1:qF
garden$compiler$expand_media_query_expression:AF
garden$compiler$expand_rule:tF
garden$compiler$expand_selector_reference:sF
garden$compiler$expand_seqs:pF
garden$compiler$indent_loc_re:DF
garden$compiler$media_expression_behavior:jF
garden$compiler$parent_selector_re:rF
garden$compiler$prefix_all_properties:IF
garden$compiler$prefix_auto_properties:JF
garden$compiler$prefix_declaration:KF
garden$compiler$prefixed_blocks:HF
garden$compiler$render_at_rule:QF
garden$compiler$render_css:BF
garden$compiler$render_feature_expr:PF
garden$compiler$render_feature_expr_part:OF
garden$compiler$render_media_expr:NF
garden$compiler$render_media_expr_part:MF
garden$compiler$render_property_and_value:FF
garden$compiler$render_rule:LF
garden$compiler$render_value:EF
garden$compiler$top_level_expression_QMARK_:mF
garden$compression$compress_stylesheet:DE
garden$compression$stylesheet_tokenizer:CE
garden$compression$token_fn:BE
garden$selectors$CSSSelector:GE
garden$selectors$ICSSSelector:EE
garden$selectors$_GT_:LE
garden$selectors$css_selector:FE
garden$selectors$descendant:KE
garden$selectors$nth_child_re:IE
garden$selectors$nth_x:JE
garden$selectors$selector:HE
garden$selectors$selector_QMARK_:Qq
garden$types$CSSAtRule:qE
garden$units$make_unit_divider:gF
garden$units$make_unit_multiplier:fF
garden$util$at_media_QMARK_:vE
garden$util$at_rule_QMARK_:uE
garden$util$at_supports_QMARK_:wE
garden$util$cartesian_product$cljs$0core$0IFn$0_invoke$0arity$0variadic:AE
garden$util$clip:zE
garden$util$hash_map_QMARK_:tE
garden$util$prefix:xE
garden$util$to_str:sE
garden$util$vendor_prefix:yE
goog$Disposable:Zn
goog$Disposable$MonitoringMode$OFF:$n
goog$UID_PROPERTY_:oa
goog$Uri:Wf
goog$Uri$QueryData:Nm
goog$Uri$decodeOrEmpty_:Mm
goog$Uri$encodeChar_:no
goog$Uri$encodeSpecialChars_:Om
goog$Uri$parse:mo
goog$Uri$reDisallowedInAbsolutePath_:Rm
goog$Uri$reDisallowedInFragment_:bo
goog$Uri$reDisallowedInQuery_:jo
goog$Uri$reDisallowedInRelativePath_:Sm
goog$Uri$reDisallowedInSchemeOrUserInfo_:Pm
goog$array$concat:Va
goog$array$defaultCompare:Xa
goog$array$forEach:hb
goog$array$indexOf:gb
goog$array$sort:Wa
goog$array$stableSort:Ya
goog$array$toArray:jb
goog$async$nextTick:Um
goog$bind:ta
goog$bindJs_:ra
goog$bindNative_:qa
goog$dom$append:UD
goog$dom$append_:SD
goog$dom$getDocumentScroll_:RD
goog$dom$isNodeList:TD
goog$events$BrowserEvent:Ho
goog$events$BrowserEvent$IE_POINTER_TYPE_MAP:Io
goog$events$BrowserFeature$HAS_W3C_EVENT_SUPPORT:so
goog$events$BrowserFeature$PASSIVE_EVENTS:Fo
goog$events$BrowserFeature$SET_KEY_CODE_TO_PREVENT_DEFAULT:Eo
goog$events$Event:Go
goog$events$EventTarget:gp
goog$events$LISTENER_MAP_PROP_:Ro
goog$events$LISTENER_WRAPPER_PROP_:fp
goog$events$Listenable$IMPLEMENTED_BY_PROP:Jo
goog$events$ListenableKey$counter_:Lo
goog$events$Listener:Mo
goog$events$ListenerMap:Oo
goog$events$ListenerMap$findListenerIndex_:Po
goog$events$fireListener:ep
goog$events$fireListeners_:dp
goog$events$getListenerMap_:Yo
goog$events$getOnString_:$o
goog$events$getProxy:Zo
goog$events$handleBrowserEvent_:ap
goog$events$listen:Uo
goog$events$listenOnce:Vo
goog$events$listen_:Xo
goog$events$listenerCountEstimate_:To
goog$events$onStringMap_:So
goog$events$unlisten:bp
goog$events$unlistenByKey:cp
goog$events$wrapListener:Wo
goog$getUid:na
goog$global:aa
goog$history$Event:Yp
goog$history$Html5History:VD
goog$history$Html5History$TokenTransformer:ZD
goog$inherits:wa
goog$isArrayLike:ha
goog$isFunction:ja
goog$isObject:ka
goog$isString:ca
goog$labs$userAgent$platform$isIphone:co
goog$labs$userAgent$util$matchUserAgent:Tm
goog$labs$userAgent$util$userAgent_:ab
goog$math$Coordinate:QD
goog$math$Integer:ya
goog$math$Integer$IntCache_:Aa
goog$math$Integer$ONE:Ha
goog$math$Integer$TWO_PWR_24_:Ia
goog$math$Integer$TWO_PWR_32_DBL_:Ga
goog$math$Integer$ZERO:Ea
goog$math$Integer$carry16_:Oa
goog$math$Integer$fromInt:Ca
goog$math$Integer$fromNumber:Da
goog$nullFunction:ea
goog$object$PROTOTYPE_FIELDS_:eb
goog$object$extend:fb
goog$object$get:Ua
goog$object$getKeys:db
goog$reflect$cache:ua
goog$reflect$sinkValue:xa
goog$string$StringBuffer:kb
goog$string$format:rE
goog$string$internal$caseInsensitiveContains:$a
goog$string$internal$compareElements_:bb
goog$string$internal$isEmptyOrWhitespace:va
goog$string$internal$trim:Ra
goog$string$repeat:Sa
goog$structs$Map:mf
goog$structs$Map$hasKey_:Lf
goog$structs$forEach:nb
goog$structs$getValues:ib
goog$typeOf:fa
goog$uidCounter_:pa
goog$uri$utils$parseQueryData:Uf
goog$uri$utils$splitRe_:Mf
goog$userAgent$EDGE:go
goog$userAgent$GECKO:ho
goog$userAgent$IE:fo
goog$userAgent$OPERA:eo
goog$userAgent$VERSION:lo
goog$userAgent$WEBKIT:io
goog$userAgent$getDocumentMode_:ko
goog$userAgent$isVersionOrHigher:MD
goog$userAgent$isVersionOrHigherCache_:po
herb:XF
herb$impl$convert_media:hG
herb$impl$convert_pseudo:gG
herb$impl$convert_supports:iG
herb$impl$convert_vendors:jG
herb$impl$extract_meta:mG
herb$impl$process_meta_xform:lG
herb$impl$resolve_style_fns:kG
herb$impl$sanitize:nG
herb$impl$with_style_BANG_:oG
herb$runtime:YF
herb$runtime$combinator_fns:dG
herb$runtime$create_element_BANG_:fG
herb$runtime$injected_global:aG
herb$runtime$injected_keyframes:$F
herb$runtime$injected_styles:ZF
herb$runtime$options:bG
herb$runtime$render_style_BANG_:eG
herb$runtime$update_state:cG
hierarchy__4617__auto__$jscomp$inline_1861:XE
hierarchy__4617__auto__$jscomp$inline_1881:zF
hierarchy__4617__auto__$jscomp$inline_1893:VF
im_gal$components$about$about:TI
im_gal$components$contact$contact:UI
im_gal$components$left_side$content_side:OI
im_gal$components$left_side$experience:NI
im_gal$components$left_side$projects:MI
im_gal$components$left_side$skills:LI
im_gal$components$nav$nav:PI
im_gal$db$default_db:Yn
im_gal$layout$home:SI
im_gal$styles$contact_anchor:AI
im_gal$styles$content_container:HI
im_gal$styles$experience_container:JI
im_gal$styles$experience_content_area:DI
im_gal$styles$expr_bullet:tI
im_gal$styles$f_row_wrap:GI
im_gal$styles$link_border:qI
im_gal$styles$my_name:KI
im_gal$styles$nav_anchor:BI
im_gal$styles$nav_div:uI
im_gal$styles$nav_div_2:vI
im_gal$styles$nav_nav:wI
im_gal$styles$nav_span:zI
im_gal$styles$new_string:rI
im_gal$styles$project_container:xI
im_gal$styles$project_content:yI
im_gal$styles$project_content_area:CI
im_gal$styles$project_link:sI
im_gal$styles$skill_style:FI
im_gal$styles$skills_container:II
im_gal$styles$skills_content_area:EI
im_gal$views$main_panel:Oq
im_gal$views$panels:Mq
im_gal$views$show_panel:Nq
method_cache__4615__auto__$jscomp$inline_1859:VE
method_cache__4615__auto__$jscomp$inline_1879:xF
method_cache__4615__auto__$jscomp$inline_1891:TF
method_table__4613__auto__$jscomp$inline_1857:TE
method_table__4613__auto__$jscomp$inline_1877:vF
method_table__4613__auto__$jscomp$inline_1889:RF
mkg_28044:xG
module$node_modules$create_react_class$index:$k
module$node_modules$react$index:Ek
module$node_modules$react_dom$index:Gm
navigator$jscomp$inline_1107:ID
navigator$jscomp$inline_892:ED
opt_object$jscomp$inline_1773:AD
part$jscomp$inline_1777:DD
parts$jscomp$inline_1775:BD
path__$1$jscomp$inline_2029:VI
prefer_table__4614__auto__$jscomp$inline_1858:UE
prefer_table__4614__auto__$jscomp$inline_1878:wF
prefer_table__4614__auto__$jscomp$inline_1890:SF
pushy:$D
pushy$core:aE
pushy$core$get_token_from_uri:gE
pushy$core$new_history$cljs$0core$0IFn$0_invoke$0arity$01:eE
pushy$core$processable_url_QMARK_:fE
pushy$core$pushy$cljs$0core$0IFn$0_invoke$0arity$0variadic:hE
pushy$core$set_create_url_BANG_:dE
pushy$core$set_retrieve_token_BANG_:cE
pushy$core$t_pushy$0core21368:bE
re_frame:Vm
re_frame$cofx$inject_db:Mn
re_frame$core$reg_event_db:Xn
re_frame$db$app_db:$m
re_frame$events$_STAR_handling_STAR_:qn
re_frame$events$handle:rn
re_frame$fx$do_fx:Ln
re_frame$interceptor$__GT_interceptor$cljs$0core$0IFn$0_invoke$0arity$0variadic:nn
re_frame$interceptor$enqueue:GD
re_frame$interceptor$get_coeffect$cljs$0core$0IFn$0_invoke$0arity$02:on
re_frame$interceptor$invoke_interceptors:pn
re_frame$interop$add_on_dispose_BANG_:Xm
re_frame$interop$deref_QMARK_:Wm
re_frame$interop$empty_queue:xf
re_frame$interop$reagent_id:Zm
re_frame$interop$set_timeout_BANG_:Ym
re_frame$loggers$console:bn
re_frame$loggers$console$cljs$0core$0IFn$0_invoke$0arity$0variadic:cn
re_frame$loggers$loggers:an
re_frame$registrar$clear_handlers:jn
re_frame$registrar$get_handler$cljs$0core$0IFn$0_invoke$0arity$02:gn
re_frame$registrar$kind__GT_id__GT_handler:fn
re_frame$registrar$register_handler:hn
re_frame$router$dispatch:Jn
re_frame$router$dispatch_sync:Kn
re_frame$router$event_queue:In
re_frame$router$later_fns:Bn
re_frame$std_interceptors$db_handler__GT_interceptor:Wn
re_frame$subs$cache_and_return:un
re_frame$subs$cache_lookup$cljs$0core$0IFn$0_invoke$0arity$02:vn
re_frame$subs$clear_subscription_cache_BANG_:tn
re_frame$subs$deref_input_signals:yn
re_frame$subs$map_vals:xn
re_frame$subs$query__GT_reaction:sn
re_frame$subs$reg_sub:zn
re_frame$subs$reg_sub$cljs$0core$0IFn$0_invoke$0arity$0variadic:An
re_frame$subs$subscribe:wn
re_frame$trace:kn
re_frame$trace$next_delivery:mn
re_frame$trace$traces:ln
re_frame$utils$dissoc_in:dn
re_frame$utils$first_in_vector:en
reagent:Pk
reagent$core$after_render:Qm
reagent$debug:Qk
reagent$debug$track_console:Sk
reagent$debug$warnings:Rk
reagent$dom:Hm
reagent$dom$imported:Im
reagent$dom$re_render_component:Lm
reagent$dom$render_comp:Km
reagent$dom$roots:Jm
reagent$impl:Tk
reagent$impl$batching:al
reagent$impl$batching$RenderQueue:gl
reagent$impl$batching$compare_mount_order:el
reagent$impl$batching$fake_raf:cl
reagent$impl$batching$mount_count:bl
reagent$impl$batching$next_tick:dl
reagent$impl$batching$queue_render:jl
reagent$impl$batching$ratom_flush:fl
reagent$impl$batching$render_queue:il
reagent$impl$component:Pl
reagent$impl$component$_STAR_current_component_STAR_:Ql
reagent$impl$component$as_element:Tl
reagent$impl$component$camelify_map_keys:$l
reagent$impl$component$create_class:cm
reagent$impl$component$custom_wrapper:Wl
reagent$impl$component$dash_to_camel:Zl
reagent$impl$component$get_wrapper:Xl
reagent$impl$component$map_to_js:bm
reagent$impl$component$obligatory:Yl
reagent$impl$component$props_argv:Rl
reagent$impl$component$rat_opts:Ol
reagent$impl$component$reagent_class_QMARK_:Sl
reagent$impl$component$static_fns:Vl
reagent$impl$component$wrap_funs:am
reagent$impl$component$wrap_render:Ul
reagent$impl$template:dm
reagent$impl$template$as_element:Dm
reagent$impl$template$cache_get:hm
reagent$impl$template$convert_custom_prop_value:mm
reagent$impl$template$convert_prop_value:jm
reagent$impl$template$custom_kv_conv:lm
reagent$impl$template$custom_prop_name_cache:km
reagent$impl$template$expand_seq:Fm
reagent$impl$template$find_dom_node:qm
reagent$impl$template$get_key:zm
reagent$impl$template$input_component_set_value:tm
reagent$impl$template$input_handle_change:um
reagent$impl$template$input_node_set_value:sm
reagent$impl$template$input_render_setup:vm
reagent$impl$template$input_spec:ym
reagent$impl$template$key_from_vec:Am
reagent$impl$template$kv_conv:im
reagent$impl$template$make_element:xm
reagent$impl$template$named_QMARK_:fm
reagent$impl$template$native_element:Cm
reagent$impl$template$oset:nm
reagent$impl$template$prop_name_cache:gm
reagent$impl$template$re_tag:em
reagent$impl$template$reagent_input_class:wm
reagent$impl$template$set_id_class:om
reagent$impl$template$stringify_class:pm
reagent$impl$template$tag_name_cache:Bm
reagent$impl$template$these_inputs_have_selection_api:rm
reagent$impl$template$vec_to_elem:Em
reagent$impl$util$_STAR_always_update_STAR_:Zk
reagent$impl$util$capitalize:Wk
reagent$impl$util$dash_to_camel:Xk
reagent$impl$util$dont_camel_case:Vk
reagent$impl$util$fun_name:Yk
reagent$impl$util$is_client:Uk
reagent$ratom:ol
reagent$ratom$RAtom:Cl
reagent$ratom$RCursor:Hl
reagent$ratom$Reaction:Ll
reagent$ratom$Track:Gl
reagent$ratom$_STAR_ratom_context_STAR_:pl
reagent$ratom$_running:sl
reagent$ratom$add_on_dispose_BANG_:Jl
reagent$ratom$add_w:wl
reagent$ratom$atom:Dl
reagent$ratom$cached_reaction:El
reagent$ratom$check_watches:vl
reagent$ratom$debug:ql
reagent$ratom$deref_capture:tl
reagent$ratom$dispose_BANG_:Il
reagent$ratom$flush_BANG_:Bl
reagent$ratom$generation:rl
reagent$ratom$handle_reaction_change:Kl
reagent$ratom$make_reaction:Fl
reagent$ratom$notify_deref_watcher_BANG_:ul
reagent$ratom$notify_w:yl
reagent$ratom$pr_atom:zl
reagent$ratom$rea_queue:Al
reagent$ratom$remove_w:xl
reagent$ratom$run_in_reaction:Nl
reagent$ratom$temp_reaction:Ml
reanimated$core$scroll_x:RI
reanimated$core$scroll_y:QI
secretary:mq
secretary$core:nq
secretary$core$_STAR_config_STAR_:qq
secretary$core$_STAR_routes_STAR_:Eq
secretary$core$add_route_BANG_:Fq
secretary$core$assoc_in_query_params:wq
secretary$core$compile_route:Dq
secretary$core$decode:uq
secretary$core$decode_query_params:xq
secretary$core$encode:sq
secretary$core$encode_pair:Fi
secretary$core$get_config:rq
secretary$core$invalid_params:Hq
secretary$core$key_index$cljs$0core$0IFn$0_invoke$0arity$02:tq
secretary$core$lex_STAR_:Bq
secretary$core$lex_route:Cq
secretary$core$locate_route:Gq
secretary$core$parse_path:vq
secretary$core$re_escape:Aq
secretary$core$re_escape_chars:zq
secretary$core$re_matches_STAR_:yq
secretary$core$route_matches:pq
secretary$core$t_secretary$0core21415:HD
shadow$js$files:Ak
shadow$js$jsRequire:Dk
shadow$js$nativeRequires:Bk
shadow$js$requireStack:Ck
userAgent$jscomp$inline_893:FD
version$jscomp$inline_1109:JD
